// Jest Snapshot v1, https://goo.gl/fbAQLP

exports[`snapshot home page test 1`] = `
Array [
  <h2
    className="chakra-heading css-0"
    data-testid="home"
  >
    Home
  </h2>,
  <div
    className="css-j7qwjs"
  >
    <div
      className="css-kdwx3d"
    >
      <div
        aria-valuemax={100}
        aria-valuemin={0}
        className="css-1demtxk"
        data-indeterminate=""
        role="progressbar"
        style={
          Object {
            "width": "0%",
          }
        }
      />
    </div>
  </div>,
]
`;
